
> driving-team-app@1.0.0 build
> nuxt build

[nuxi] Nuxt 3.17.7 with Nitro 2.12.4
[nuxt:tailwindcss] ℹ Using default Tailwind CSS file

 WARN  Duplicated imports "DiscountCode", the one from "/Users/pascalkilchenmann/driving-team-app/composables/useDiscounts.ts" has been ignored and "/Users/pascalkilchenmann/driving-team-app/composables/useHybridDiscounts.ts" is used


 WARN  Duplicated imports "DiscountCalculation", the one from "/Users/pascalkilchenmann/driving-team-app/composables/useDiscountsConsolidated.ts" has been ignored and "/Users/pascalkilchenmann/driving-team-app/composables/useHybridDiscounts.ts" is used


 WARN  Duplicated imports "useCompanyBilling", the one from "/Users/pascalkilchenmann/driving-team-app/composables/useCompanyBilling.ts" has been ignored and "/Users/pascalkilchenmann/driving-team-app/composables/usePaymentMethods.ts" is used


 WARN  Duplicated imports "formatDate", the one from "/Users/pascalkilchenmann/driving-team-app/utils/dateUtils.ts" has been ignored and "/Users/pascalkilchenmann/driving-team-app/utils/policyCalculations.ts" is used


 WARN  Duplicated imports "useModal", the one from "/Users/pascalkilchenmann/driving-team-app/composables/useModal.ts" has been ignored and "/Users/pascalkilchenmann/driving-team-app/node_modules/@nuxt/ui/dist/runtime/composables/useModal.js" is used

ℹ Nuxt Icon server bundle mode is set to local
[nuxi] ℹ Building for Nitro preset: node-server

[nuxt]  WARN  Route name generated for /Users/pascalkilchenmann/driving-team-app/pages/register-staff.vue is the same as /Users/pascalkilchenmann/driving-team-app/pages/register-staff.vue. You may wish to set a custom name using definePageMeta within the page file.


 WARN  Duplicated imports "DiscountCode", the one from "/Users/pascalkilchenmann/driving-team-app/composables/useDiscounts.ts" has been ignored and "/Users/pascalkilchenmann/driving-team-app/composables/useHybridDiscounts.ts" is used


 WARN  Duplicated imports "DiscountCalculation", the one from "/Users/pascalkilchenmann/driving-team-app/composables/useDiscountsConsolidated.ts" has been ignored and "/Users/pascalkilchenmann/driving-team-app/composables/useHybridDiscounts.ts" is used


 WARN  Duplicated imports "useCompanyBilling", the one from "/Users/pascalkilchenmann/driving-team-app/composables/useCompanyBilling.ts" has been ignored and "/Users/pascalkilchenmann/driving-team-app/composables/usePaymentMethods.ts" is used


 WARN  Duplicated imports "formatDate", the one from "/Users/pascalkilchenmann/driving-team-app/utils/dateUtils.ts" has been ignored and "/Users/pascalkilchenmann/driving-team-app/utils/policyCalculations.ts" is used


 WARN  Duplicated imports "useModal", the one from "/Users/pascalkilchenmann/driving-team-app/composables/useModal.ts" has been ignored and "/Users/pascalkilchenmann/driving-team-app/node_modules/@nuxt/ui/dist/runtime/composables/useModal.js" is used

ℹ Building client...
ℹ vite v6.3.5 building for production...
ℹ transforming...

 WARN  [plugin vite:esbuild] pages/onboarding/[token].vue?macro=true&vue&type=script&setup=true&lang.ts: Duplicate key "bg-green-600 text-white" in object literal
250|                            class: _normalizeClass(["flex-shrink-0 w-10 h-10 flex items-center justify-center rounded-full", {
251|                      'bg-green-600 text-white': index < _unref(step),
252|                      'bg-green-600 text-white': index === _unref(step),
   |                      ^
253|                      'bg-gray-300 text-gray-600': index > _unref(step)
254|                    }])



 WARN  [plugin vite:esbuild] pages/onboarding/[token].vue?vue&type=script&setup=true&lang.ts: Duplicate key "bg-green-600 text-white" in object literal
250|                            class: _normalizeClass(["flex-shrink-0 w-10 h-10 flex items-center justify-center rounded-full", {
251|                      'bg-green-600 text-white': index < _unref(step),
252|                      'bg-green-600 text-white': index === _unref(step),
   |                      ^
253|                      'bg-gray-300 text-gray-600': index > _unref(step)
254|                    }])



 WARN  [plugin vite:esbuild] composables/useEventModalForm.ts: Duplicate key "type" in object literal
894|          // ✅ Add tenant_id and type for availability checking
895|          tenant_id: dbUser.tenant_id,
896|          type: formData.value.type || dbUser.category
   |          ^
897|          // ✅ price_per_minute and is_paid removed - not in appointments table
898|        }



 WARN  [plugin vite:esbuild] composables/useEventModalHandlers.ts: Duplicate key "loadStaffDurations" in object literal
677|      getLastAppointmentDuration,
678|      getAppointmentNumber,
679|      loadStaffDurations,
   |      ^
680|      getDefaultTitle,
681|      getEventTypeName,


ℹ ✓ 1463 modules transformed.
ℹ rendering chunks...
ℹ computing gzip size...
ℹ .nuxt/dist/client/manifest.json                              37.74 kB │ gzip:   4.59 kB
ℹ .nuxt/dist/client/_nuxt/Select.qOczc23w.css                   0.05 kB │ gzip:   0.07 kB
ℹ .nuxt/dist/client/_nuxt/LoadingLogo.pyM2dSAb.css              0.15 kB │ gzip:   0.14 kB
ℹ .nuxt/dist/client/_nuxt/set-password.tLzruV7M.css             0.16 kB │ gzip:   0.13 kB
ℹ .nuxt/dist/client/_nuxt/cash-management._sWKkojL.css          0.18 kB │ gzip:   0.14 kB
ℹ .nuxt/dist/client/_nuxt/cash-management-fixed.KzgaVbGA.css    0.18 kB │ gzip:   0.14 kB
ℹ .nuxt/dist/client/_nuxt/index.ChAoG959.css                    0.22 kB │ gzip:   0.16 kB
ℹ .nuxt/dist/client/_nuxt/login.DSWjIpKB.css                    0.33 kB │ gzip:   0.21 kB
ℹ .nuxt/dist/client/_nuxt/product-sales.D3TGfwCj.css            0.33 kB │ gzip:   0.22 kB
ℹ .nuxt/dist/client/_nuxt/exam-statistics.BAHPgWOh.css          0.36 kB │ gzip:   0.23 kB
ℹ .nuxt/dist/client/_nuxt/customers.Cc9Qnjdy.css                0.43 kB │ gzip:   0.25 kB
ℹ .nuxt/dist/client/_nuxt/EnhancedStudentModal.B5HWI1f5.css     0.48 kB │ gzip:   0.21 kB
ℹ .nuxt/dist/client/_nuxt/tenant-admin.BS4UqSbH.css             0.49 kB │ gzip:   0.27 kB
ℹ .nuxt/dist/client/_nuxt/courses.DqYXt5jq.css                  0.49 kB │ gzip:   0.23 kB
ℹ .nuxt/dist/client/_nuxt/ToggleSwitch.Bm7daWj1.css             0.50 kB │ gzip:   0.22 kB
ℹ .nuxt/dist/client/_nuxt/useProducts.BISF6aCS.css              0.55 kB │ gzip:   0.25 kB
ℹ .nuxt/dist/client/_nuxt/_slug_.Dc7tkAMv.css                   0.64 kB │ gzip:   0.32 kB
ℹ .nuxt/dist/client/_nuxt/profile.-ZKLr660.css                  0.75 kB │ gzip:   0.33 kB
ℹ .nuxt/dist/client/_nuxt/payments.CJ8l-e_C.css                 0.87 kB │ gzip:   0.37 kB
ℹ .nuxt/dist/client/_nuxt/products.PUveQyLb.css                 1.00 kB │ gzip:   0.36 kB
ℹ .nuxt/dist/client/_nuxt/shop.CoyJdaHU.css                     1.02 kB │ gzip:   0.42 kB
ℹ .nuxt/dist/client/_nuxt/index.BHFcr701.css                    1.49 kB │ gzip:   0.44 kB
ℹ .nuxt/dist/client/_nuxt/error-500.CZqNkBuR.css                1.88 kB │ gzip:   0.72 kB
ℹ .nuxt/dist/client/_nuxt/customer-dashboard.BthqqtJf.css       2.09 kB │ gzip:   0.55 kB
ℹ .nuxt/dist/client/_nuxt/error-404.4oxyXxx0.css                3.56 kB │ gzip:   1.10 kB
ℹ .nuxt/dist/client/_nuxt/index.Bu2jR8oK.css                    7.26 kB │ gzip:   1.90 kB
ℹ .nuxt/dist/client/_nuxt/admin.DCyEaS9Q.css                    9.78 kB │ gzip:   1.30 kB
ℹ .nuxt/dist/client/_nuxt/dashboard.QvVirjOC.css               11.01 kB │ gzip:   2.43 kB
ℹ .nuxt/dist/client/_nuxt/entry.iLH0LFYp.css                  143.63 kB │ gzip:  20.84 kB
ℹ .nuxt/dist/client/_nuxt/wOsk97Ri.js                           0.08 kB │ gzip:   0.09 kB
ℹ .nuxt/dist/client/_nuxt/DlAUqK2U.js                           0.09 kB │ gzip:   0.10 kB
ℹ .nuxt/dist/client/_nuxt/C8tI0Of8.js                           0.17 kB │ gzip:   0.16 kB
ℹ .nuxt/dist/client/_nuxt/B0-XxH8J.js                           0.18 kB │ gzip:   0.16 kB
ℹ .nuxt/dist/client/_nuxt/Dx-rRiqB.js                           0.21 kB │ gzip:   0.18 kB
ℹ .nuxt/dist/client/_nuxt/vw64tlsP.js                           0.24 kB │ gzip:   0.21 kB
ℹ .nuxt/dist/client/_nuxt/CTVsv8cd.js                           0.32 kB │ gzip:   0.26 kB
ℹ .nuxt/dist/client/_nuxt/DjEWANzs.js                           0.46 kB │ gzip:   0.33 kB
ℹ .nuxt/dist/client/_nuxt/B4f_poOo.js                           0.49 kB │ gzip:   0.35 kB
ℹ .nuxt/dist/client/_nuxt/DNS-HTrm.js                           0.62 kB │ gzip:   0.40 kB
ℹ .nuxt/dist/client/_nuxt/DxjLSjOp.js                           0.68 kB │ gzip:   0.39 kB
ℹ .nuxt/dist/client/_nuxt/BWsiYKYb.js                           0.69 kB │ gzip:   0.42 kB
ℹ .nuxt/dist/client/_nuxt/CFZBeAfI.js                           0.89 kB │ gzip:   0.46 kB
ℹ .nuxt/dist/client/_nuxt/DoRGnkcv.js                           0.96 kB │ gzip:   0.50 kB
ℹ .nuxt/dist/client/_nuxt/ChZ5wxXs.js                           1.06 kB │ gzip:   0.57 kB
ℹ .nuxt/dist/client/_nuxt/BMj3BUb0.js                           1.21 kB │ gzip:   0.67 kB
ℹ .nuxt/dist/client/_nuxt/B3phnf8Q.js                           1.41 kB │ gzip:   0.71 kB
ℹ .nuxt/dist/client/_nuxt/CFY1iy1g.js                           1.55 kB │ gzip:   0.78 kB
ℹ .nuxt/dist/client/_nuxt/BY4FSPZ6.js                           1.90 kB │ gzip:   1.10 kB
ℹ .nuxt/dist/client/_nuxt/B9Bb77oM.js                           1.99 kB │ gzip:   0.70 kB
ℹ .nuxt/dist/client/_nuxt/cZTxYNK6.js                           2.14 kB │ gzip:   0.98 kB
ℹ .nuxt/dist/client/_nuxt/CDn7KZ7j.js                           2.24 kB │ gzip:   0.92 kB
ℹ .nuxt/dist/client/_nuxt/DNAZ3MUr.js                           2.37 kB │ gzip:   1.25 kB
ℹ .nuxt/dist/client/_nuxt/Xuk9-m2_.js                           2.41 kB │ gzip:   0.97 kB
ℹ .nuxt/dist/client/_nuxt/CazUmxhs.js                           2.45 kB │ gzip:   1.00 kB
ℹ .nuxt/dist/client/_nuxt/Ay3SO0CZ.js                           2.48 kB │ gzip:   1.18 kB
ℹ .nuxt/dist/client/_nuxt/B6uTPEj9.js                           2.78 kB │ gzip:   1.21 kB
ℹ .nuxt/dist/client/_nuxt/l0ruTlVp.js                           2.83 kB │ gzip:   1.14 kB
ℹ .nuxt/dist/client/_nuxt/BF7CQmNN.js                           2.92 kB │ gzip:   1.21 kB
ℹ .nuxt/dist/client/_nuxt/Bf60q8OH.js                           2.94 kB │ gzip:   1.42 kB
ℹ .nuxt/dist/client/_nuxt/FkCCURz2.js                           3.42 kB │ gzip:   1.54 kB
ℹ .nuxt/dist/client/_nuxt/CAwU5QaJ.js                           3.69 kB │ gzip:   1.58 kB
ℹ .nuxt/dist/client/_nuxt/BDy0BeaZ.js                           3.74 kB │ gzip:   1.75 kB
ℹ .nuxt/dist/client/_nuxt/CXmAumMX.js                           3.78 kB │ gzip:   1.45 kB
ℹ .nuxt/dist/client/_nuxt/BcqX2ZdS.js                           3.79 kB │ gzip:   1.72 kB
ℹ .nuxt/dist/client/_nuxt/CSqPbGbP.js                           4.13 kB │ gzip:   1.98 kB
ℹ .nuxt/dist/client/_nuxt/BxRTFp_h.js                           4.33 kB │ gzip:   1.59 kB
ℹ .nuxt/dist/client/_nuxt/NObZF0b3.js                           4.44 kB │ gzip:   1.55 kB
ℹ .nuxt/dist/client/_nuxt/BRl4rh2L.js                           4.50 kB │ gzip:   1.51 kB
ℹ .nuxt/dist/client/_nuxt/DaV7QDir.js                           4.85 kB │ gzip:   1.86 kB
ℹ .nuxt/dist/client/_nuxt/DP7z-z17.js                           5.05 kB │ gzip:   1.82 kB
ℹ .nuxt/dist/client/_nuxt/GSwm9aOo.js                           5.40 kB │ gzip:   2.09 kB
ℹ .nuxt/dist/client/_nuxt/CBhtIcSU.js                           5.57 kB │ gzip:   2.28 kB
ℹ .nuxt/dist/client/_nuxt/CH7v4Kb_.js                           5.66 kB │ gzip:   1.78 kB
ℹ .nuxt/dist/client/_nuxt/CRVo6Pmb.js                           5.93 kB │ gzip:   2.08 kB
ℹ .nuxt/dist/client/_nuxt/DElPNCzf.js                           6.50 kB │ gzip:   2.57 kB
ℹ .nuxt/dist/client/_nuxt/CvqDhynq.js                           6.74 kB │ gzip:   2.16 kB
ℹ .nuxt/dist/client/_nuxt/CYJInuvK.js                           6.75 kB │ gzip:   2.58 kB
ℹ .nuxt/dist/client/_nuxt/B3zL4uN-.js                           6.86 kB │ gzip:   1.77 kB
ℹ .nuxt/dist/client/_nuxt/D4oXexOc.js                           6.93 kB │ gzip:   2.33 kB
ℹ .nuxt/dist/client/_nuxt/BsR8GXGM.js                           7.07 kB │ gzip:   3.01 kB
ℹ .nuxt/dist/client/_nuxt/B4T19KjS.js                           7.10 kB │ gzip:   2.74 kB
ℹ .nuxt/dist/client/_nuxt/DGigLXkk.js                           7.26 kB │ gzip:   2.81 kB
ℹ .nuxt/dist/client/_nuxt/D5bYpgFs.js                           7.84 kB │ gzip:   3.38 kB
ℹ .nuxt/dist/client/_nuxt/ZC7qyOt5.js                           7.93 kB │ gzip:   2.44 kB
ℹ .nuxt/dist/client/_nuxt/DDhKuKxq.js                           7.96 kB │ gzip:   2.94 kB
ℹ .nuxt/dist/client/_nuxt/Ch3PSuB5.js                           8.45 kB │ gzip:   2.46 kB
ℹ .nuxt/dist/client/_nuxt/Big-SRjX.js                           8.48 kB │ gzip:   3.21 kB
ℹ .nuxt/dist/client/_nuxt/DnawXWA9.js                           8.60 kB │ gzip:   2.54 kB
ℹ .nuxt/dist/client/_nuxt/DZ9l-fAf.js                           8.70 kB │ gzip:   3.06 kB
ℹ .nuxt/dist/client/_nuxt/CrY0SF4S.js                           8.73 kB │ gzip:   2.62 kB
ℹ .nuxt/dist/client/_nuxt/ghKcGFy7.js                           8.79 kB │ gzip:   1.89 kB
ℹ .nuxt/dist/client/_nuxt/iNvgV9t6.js                           9.29 kB │ gzip:   2.28 kB
ℹ .nuxt/dist/client/_nuxt/D7QO7-MR.js                           9.29 kB │ gzip:   3.80 kB
ℹ .nuxt/dist/client/_nuxt/CeXfalg6.js                           9.62 kB │ gzip:   3.30 kB
ℹ .nuxt/dist/client/_nuxt/drXY1YMQ.js                           9.71 kB │ gzip:   3.14 kB
ℹ .nuxt/dist/client/_nuxt/CsC170SE.js                          10.43 kB │ gzip:   3.22 kB
ℹ .nuxt/dist/client/_nuxt/DEdieRov.js                          10.72 kB │ gzip:   2.76 kB
ℹ .nuxt/dist/client/_nuxt/BD9kw9gT.js                          11.06 kB │ gzip:   4.06 kB
ℹ .nuxt/dist/client/_nuxt/DFcWpC5p.js                          11.29 kB │ gzip:   3.13 kB
ℹ .nuxt/dist/client/_nuxt/cyF17Fki.js                          11.46 kB │ gzip:   3.40 kB
ℹ .nuxt/dist/client/_nuxt/BDFnH9S9.js                          11.81 kB │ gzip:   3.77 kB
ℹ .nuxt/dist/client/_nuxt/D1gEg48i.js                          11.99 kB │ gzip:   3.99 kB
ℹ .nuxt/dist/client/_nuxt/DhOcK5Xp.js                          12.01 kB │ gzip:   4.21 kB
ℹ .nuxt/dist/client/_nuxt/Clh3H2o2.js                          13.06 kB │ gzip:   3.49 kB
ℹ .nuxt/dist/client/_nuxt/77hdPdSi.js                          13.25 kB │ gzip:   3.77 kB
ℹ .nuxt/dist/client/_nuxt/BNdiClX0.js                          13.95 kB │ gzip:   4.22 kB
ℹ .nuxt/dist/client/_nuxt/BtYpjq19.js                          14.14 kB │ gzip:   5.98 kB
ℹ .nuxt/dist/client/_nuxt/DotQEY1J.js                          14.17 kB │ gzip:   4.65 kB
ℹ .nuxt/dist/client/_nuxt/DDVPZ4I1.js                          14.22 kB │ gzip:   4.90 kB
ℹ .nuxt/dist/client/_nuxt/CeF1aX2R.js                          14.38 kB │ gzip:   3.68 kB
ℹ .nuxt/dist/client/_nuxt/CEihqUjF.js                          15.00 kB │ gzip:   4.11 kB
ℹ .nuxt/dist/client/_nuxt/DYRlolCv.js                          15.40 kB │ gzip:   5.04 kB
ℹ .nuxt/dist/client/_nuxt/B1TxFxFM.js                          15.41 kB │ gzip:   4.12 kB
ℹ .nuxt/dist/client/_nuxt/dC0Qlo8G.js                          16.70 kB │ gzip:   5.09 kB
ℹ .nuxt/dist/client/_nuxt/CwHK2mOH.js                          17.36 kB │ gzip:   5.01 kB
ℹ .nuxt/dist/client/_nuxt/DASMM2_u.js                          18.04 kB │ gzip:   5.06 kB
ℹ .nuxt/dist/client/_nuxt/fGvsrNAZ.js                          18.08 kB │ gzip:   4.90 kB
ℹ .nuxt/dist/client/_nuxt/Cf6IvToo.js                          19.06 kB │ gzip:   5.68 kB
ℹ .nuxt/dist/client/_nuxt/CZ_38xwS.js                          21.02 kB │ gzip:   5.50 kB
ℹ .nuxt/dist/client/_nuxt/4YUE9UWN.js                          21.78 kB │ gzip:   6.39 kB
ℹ .nuxt/dist/client/_nuxt/CQJ0hv7W.js                          21.82 kB │ gzip:   8.58 kB
ℹ .nuxt/dist/client/_nuxt/DlrRFl5I.js                          23.58 kB │ gzip:   7.45 kB
ℹ .nuxt/dist/client/_nuxt/D4I9n_OB.js                          23.87 kB │ gzip:   6.35 kB
ℹ .nuxt/dist/client/_nuxt/CSUqFmk1.js                          23.87 kB │ gzip:   7.39 kB
ℹ .nuxt/dist/client/_nuxt/jQIEA8Fj.js                          24.32 kB │ gzip:   6.42 kB
ℹ .nuxt/dist/client/_nuxt/DaIicyOc.js                          25.34 kB │ gzip:   8.50 kB
ℹ .nuxt/dist/client/_nuxt/e6obceBR.js                          26.25 kB │ gzip:   7.06 kB
ℹ .nuxt/dist/client/_nuxt/ClHesMZH.js                          28.31 kB │ gzip:   7.79 kB
ℹ .nuxt/dist/client/_nuxt/BufCJzHq.js                          29.49 kB │ gzip:   7.90 kB
ℹ .nuxt/dist/client/_nuxt/BJsi63hj.js                          30.13 kB │ gzip:   7.32 kB
ℹ .nuxt/dist/client/_nuxt/DUd4wUyo.js                          30.72 kB │ gzip:   8.55 kB
ℹ .nuxt/dist/client/_nuxt/D1BKx-3g.js                          34.57 kB │ gzip:  10.03 kB
ℹ .nuxt/dist/client/_nuxt/C8lrP0jB.js                          35.08 kB │ gzip:   9.77 kB
ℹ .nuxt/dist/client/_nuxt/gR-DTayI.js                          35.84 kB │ gzip:   8.17 kB
ℹ .nuxt/dist/client/_nuxt/0y3_oaS_.js                          35.91 kB │ gzip:   8.74 kB
ℹ .nuxt/dist/client/_nuxt/4MUjiHL7.js                          36.08 kB │ gzip:  10.43 kB
ℹ .nuxt/dist/client/_nuxt/Cqh3-RG1.js                          36.72 kB │ gzip:   9.44 kB
ℹ .nuxt/dist/client/_nuxt/BdoK_6va.js                          38.01 kB │ gzip:   9.56 kB
ℹ .nuxt/dist/client/_nuxt/x0-NRJVf.js                          41.34 kB │ gzip:  10.77 kB
ℹ .nuxt/dist/client/_nuxt/kZVlPtUW.js                          42.55 kB │ gzip:  10.28 kB
ℹ .nuxt/dist/client/_nuxt/DqUzR1mt.js                          64.07 kB │ gzip:  14.69 kB
ℹ .nuxt/dist/client/_nuxt/N9DQHX3r.js                          67.54 kB │ gzip:  16.67 kB
ℹ .nuxt/dist/client/_nuxt/D8KtaVEA.js                          71.20 kB │ gzip:  19.52 kB
ℹ .nuxt/dist/client/_nuxt/CvkGAget.js                          76.30 kB │ gzip:  17.91 kB
ℹ .nuxt/dist/client/_nuxt/D4SRw5Ue.js                          87.58 kB │ gzip:  18.45 kB
ℹ .nuxt/dist/client/_nuxt/CXqSiSz8.js                          93.56 kB │ gzip:  24.38 kB
ℹ .nuxt/dist/client/_nuxt/C56sdNqC.js                         134.77 kB │ gzip:  27.40 kB
ℹ .nuxt/dist/client/_nuxt/ETIp9dbT.js                         159.30 kB │ gzip:  53.38 kB
ℹ .nuxt/dist/client/_nuxt/CBrSDip1.js                         202.30 kB │ gzip:  48.03 kB
ℹ .nuxt/dist/client/_nuxt/DkEsR52n.js                         357.74 kB │ gzip: 117.99 kB
ℹ .nuxt/dist/client/_nuxt/D7qpqts4.js                         399.71 kB │ gzip: 134.77 kB
ℹ .nuxt/dist/client/_nuxt/HR-7Rx0L.js                         608.91 kB │ gzip: 168.52 kB

 WARN 
(!) Some chunks are larger than 500 kB after minification. Consider:
- Using dynamic import() to code-split the application
- Use build.rollupOptions.output.manualChunks to improve chunking: https://rollupjs.org/configuration-options/#output-manualchunks
- Adjust chunk size limit for this warning via build.chunkSizeWarningLimit.

ℹ ✓ built in 37.81s
✔ Client built in 37827ms
ℹ Building server...
ℹ vite v6.3.5 building SSR bundle for production...
ℹ transforming...
ℹ ✓ 1 modules transformed.
ℹ rendering chunks...
ℹ ✓ built in 64ms
✔ Server built in 219ms
[nitro] ✔ Generated public .output/public
[nitro] ℹ Building Nuxt Nitro server (preset: node-server, compatibility date: 2025-05-15)
[plugin node-resolve] Could not resolve import "#supabase/server" in /Users/pascalkilchenmann/driving-team-app/server/api/students/send-onboarding-sms.post.ts using imports defined in /Users/pascalkilchenmann/driving-team-app/package.json.
[plugin node-resolve] Could not resolve import "#supabase/server" in /Users/pascalkilchenmann/driving-team-app/server/api/students/verify-onboarding-token.post.ts using imports defined in /Users/pascalkilchenmann/driving-team-app/package.json.
[plugin node-resolve] Could not resolve import "#supabase/server" in /Users/pascalkilchenmann/driving-team-app/server/api/students/send-onboarding-sms.post.ts using imports defined in /Users/pascalkilchenmann/driving-team-app/package.json.
"#supabase/server" is imported by "server/api/students/send-onboarding-sms.post.ts", but could not be resolved – treating it as an external dependency.
[plugin node-resolve] Could not resolve import "#supabase/server" in /Users/pascalkilchenmann/driving-team-app/server/api/students/verify-onboarding-token.post.ts using imports defined in /Users/pascalkilchenmann/driving-team-app/package.json.
"#supabase/server" is imported by "server/api/students/verify-onboarding-token.post.ts", but could not be resolved – treating it as an external dependency.
[nitro] ✔ Nuxt Nitro server built
  ├─ .output/server/chunks/_/error-500.mjs (4.88 kB) (2.06 kB gzip)
  ├─ .output/server/chunks/_/error-500.mjs.map (200 B) (163 B gzip)
  ├─ .output/server/chunks/_/featureFlags.mjs (3.65 kB) (1.08 kB gzip)
  ├─ .output/server/chunks/_/featureFlags.mjs.map (3.16 kB) (898 B gzip)
  ├─ .output/server/chunks/_/supabase.mjs (1.88 kB) (768 B gzip)
  ├─ .output/server/chunks/_/supabase.mjs.map (1.37 kB) (517 B gzip)
  ├─ .output/server/chunks/_/useReminderService.mjs (10.9 kB) (2.54 kB gzip)
  ├─ .output/server/chunks/_/useReminderService.mjs.map (10.5 kB) (2.25 kB gzip)
  ├─ .output/server/chunks/_/voucherGenerator.mjs (6.97 kB) (2.19 kB gzip)
  ├─ .output/server/chunks/_/voucherGenerator.mjs.map (2.27 kB) (628 B gzip)
  ├─ .output/server/chunks/build/client.manifest.mjs (49.9 kB) (4.66 kB gzip)
  ├─ .output/server/chunks/build/client.manifest.mjs.map (42.4 kB) (1.91 kB gzip)
  ├─ .output/server/chunks/nitro/nitro.mjs (223 kB) (54.7 kB gzip)
  ├─ .output/server/chunks/nitro/nitro.mjs.map (3.54 kB) (911 B gzip)
  ├─ .output/server/chunks/routes/api/accounto/create-invoice.post.mjs (16 kB) (3.58 kB gzip)
  ├─ .output/server/chunks/routes/api/accounto/create-invoice.post.mjs.map (12.2 kB) (1.7 kB gzip)
  ├─ .output/server/chunks/routes/api/accounto/debug-env.get.mjs (4.51 kB) (1.38 kB gzip)
  ├─ .output/server/chunks/routes/api/accounto/debug-env.get.mjs.map (3.6 kB) (690 B gzip)
  ├─ .output/server/chunks/routes/api/accounto/test-connection.get.mjs (3.71 kB) (1.41 kB gzip)
  ├─ .output/server/chunks/routes/api/accounto/test-connection.get.mjs.map (2.57 kB) (599 B gzip)
  ├─ .output/server/chunks/routes/api/admin/create-auth-user.post.mjs (2.2 kB) (794 B gzip)
  ├─ .output/server/chunks/routes/api/admin/create-auth-user.post.mjs.map (1.83 kB) (451 B gzip)
  ├─ .output/server/chunks/routes/api/admin/create-user.post.mjs (3.54 kB) (1.11 kB gzip)
  ├─ .output/server/chunks/routes/api/admin/create-user.post.mjs.map (3.3 kB) (620 B gzip)
  ├─ .output/server/chunks/routes/api/admin/execute-sql.post.mjs (2.57 kB) (982 B gzip)
  ├─ .output/server/chunks/routes/api/admin/execute-sql.post.mjs.map (2.01 kB) (507 B gzip)
  ├─ .output/server/chunks/routes/api/admin/repair-locations.post.mjs (1.98 kB) (755 B gzip)
  ├─ .output/server/chunks/routes/api/admin/repair-locations.post.mjs.map (1.94 kB) (464 B gzip)
  ├─ .output/server/chunks/routes/api/admin/test.get.mjs (591 B) (345 B gzip)
  ├─ .output/server/chunks/routes/api/admin/test.get.mjs.map (373 B) (199 B gzip)
  ├─ .output/server/chunks/routes/api/admin/upload-license.post.mjs (6.48 kB) (1.79 kB gzip)
  ├─ .output/server/chunks/routes/api/admin/upload-license.post.mjs.map (5.52 kB) (964 B gzip)
  ├─ .output/server/chunks/routes/api/analytics/dashboard.get.mjs (12.8 kB) (3.08 kB gzip)
  ├─ .output/server/chunks/routes/api/analytics/dashboard.get.mjs.map (12.5 kB) (1.73 kB gzip)
  ├─ .output/server/chunks/routes/api/analytics/setup.post.mjs (1.36 kB) (596 B gzip)
  ├─ .output/server/chunks/routes/api/analytics/setup.post.mjs.map (985 B) (325 B gzip)
  ├─ .output/server/chunks/routes/api/courses/enroll/post.mjs (3.26 kB) (1.02 kB gzip)
  ├─ .output/server/chunks/routes/api/courses/enroll/post.mjs.map (2.99 kB) (586 B gzip)
  ├─ .output/server/chunks/routes/api/cron/send-payment-reminders.post.mjs (6.51 kB) (1.66 kB gzip)
  ├─ .output/server/chunks/routes/api/cron/send-payment-reminders.post.mjs.map (4.97 kB) (952 B gzip)
  ├─ .output/server/chunks/routes/api/cron/sync-external-calendars.post.mjs (2.87 kB) (1.08 kB gzip)
  ├─ .output/server/chunks/routes/api/cron/sync-external-calendars.post.mjs.map (2.56 kB) (615 B gzip)
  ├─ .output/server/chunks/routes/api/debug/auth-test.get.mjs (3.2 kB) (1.01 kB gzip)
  ├─ .output/server/chunks/routes/api/debug/auth-test.get.mjs.map (2.86 kB) (573 B gzip)
  ├─ .output/server/chunks/routes/api/debug/decode-key.get.mjs (1.27 kB) (562 B gzip)
  ├─ .output/server/chunks/routes/api/debug/decode-key.get.mjs.map (1.15 kB) (343 B gzip)
  ├─ .output/server/chunks/routes/api/debug/tenants-direct.get.mjs (1.17 kB) (474 B gzip)
  ├─ .output/server/chunks/routes/api/debug/tenants-direct.get.mjs.map (865 B) (381 B gzip)
  ├─ .output/server/chunks/routes/api/debug/tenants.get.mjs (2.36 kB) (745 B gzip)
  ├─ .output/server/chunks/routes/api/debug/tenants.get.mjs.map (2.01 kB) (427 B gzip)
  ├─ .output/server/chunks/routes/api/debug/test-anon.get.mjs (1.79 kB) (644 B gzip)
  ├─ .output/server/chunks/routes/api/debug/test-anon.get.mjs.map (1.43 kB) (376 B gzip)
  ├─ .output/server/chunks/routes/api/debug/test-search.get.mjs (3.16 kB) (929 B gzip)
  ├─ .output/server/chunks/routes/api/debug/test-search.get.mjs.map (2.66 kB) (542 B gzip)
  ├─ .output/server/chunks/routes/api/external-calendars/sync-ics.post.mjs (9.42 kB) (2.78 kB gzip)
  ├─ .output/server/chunks/routes/api/external-calendars/sync-ics.post.mjs.map (9.91 kB) (1.46 kB gzip)
  ├─ .output/server/chunks/routes/api/features/check.get.mjs (2.15 kB) (747 B gzip)
  ├─ .output/server/chunks/routes/api/features/check.get.mjs.map (1.75 kB) (431 B gzip)
  ├─ .output/server/chunks/routes/api/features/list.get.mjs (2.31 kB) (864 B gzip)
  ├─ .output/server/chunks/routes/api/features/list.get.mjs.map (1.95 kB) (491 B gzip)
  ├─ .output/server/chunks/routes/api/imports/batches.get.mjs (1.54 kB) (619 B gzip)
  ├─ .output/server/chunks/routes/api/imports/batches.get.mjs.map (1.16 kB) (355 B gzip)
  ├─ .output/server/chunks/routes/api/imports/create-batch.post.mjs (1.61 kB) (644 B gzip)
  ├─ .output/server/chunks/routes/api/imports/create-batch.post.mjs.map (1.26 kB) (373 B gzip)
  ├─ .output/server/chunks/routes/api/imports/customers.get.mjs (4.66 kB) (1.25 kB gzip)
  ├─ .output/server/chunks/routes/api/imports/customers.get.mjs.map (3.91 kB) (693 B gzip)
  ├─ .output/server/chunks/routes/api/imports/import-customers.post.mjs (2.41 kB) (836 B gzip)
  ├─ .output/server/chunks/routes/api/imports/import-customers.post.mjs.map (1.96 kB) (458 B gzip)
  ├─ .output/server/chunks/routes/api/imports/import-invoices.post.mjs (2.33 kB) (828 B gzip)
  ├─ .output/server/chunks/routes/api/imports/import-invoices.post.mjs.map (1.91 kB) (459 B gzip)
  ├─ .output/server/chunks/routes/api/imports/invoices.get.mjs (4.75 kB) (1.29 kB gzip)
  ├─ .output/server/chunks/routes/api/imports/invoices.get.mjs.map (3.98 kB) (705 B gzip)
  ├─ .output/server/chunks/routes/api/imports/validate.post.mjs (2.42 kB) (976 B gzip)
  ├─ .output/server/chunks/routes/api/imports/validate.post.mjs.map (2.7 kB) (531 B gzip)
  ├─ .output/server/chunks/routes/api/invoices/download.post.mjs (7 kB) (1.87 kB gzip)
  ├─ .output/server/chunks/routes/api/invoices/download.post.mjs.map (8.08 kB) (1.02 kB gzip)
  ├─ .output/server/chunks/routes/api/mock/create-transaction.post.mjs (1.87 kB) (786 B gzip)
  ├─ .output/server/chunks/routes/api/mock/create-transaction.post.mjs.map (1.55 kB) (426 B gzip)
  ├─ .output/server/chunks/routes/api/payments/confirm-cash.post.mjs (4.03 kB) (1.19 kB gzip)
  ├─ .output/server/chunks/routes/api/payments/confirm-cash.post.mjs.map (3.2 kB) (643 B gzip)
  ├─ .output/server/chunks/routes/api/payments/create.post.mjs (7.41 kB) (1.99 kB gzip)
  ├─ .output/server/chunks/routes/api/payments/create.post.mjs.map (6.42 kB) (1.02 kB gzip)
  ├─ .output/server/chunks/routes/api/payments/list.get.mjs (3.01 kB) (1.05 kB gzip)
  ├─ .output/server/chunks/routes/api/payments/list.get.mjs.map (2.62 kB) (542 B gzip)
  ├─ .output/server/chunks/routes/api/payments/receipt.post.mjs (5.66 kB) (2.03 kB gzip)
  ├─ .output/server/chunks/routes/api/payments/receipt.post.mjs.map (3.24 kB) (704 B gzip)
  ├─ .output/server/chunks/routes/api/payments/status.post.mjs (4.36 kB) (1.21 kB gzip)
  ├─ .output/server/chunks/routes/api/payments/status.post.mjs.map (3.34 kB) (654 B gzip)
  ├─ .output/server/chunks/routes/api/reminder/seed-templates.post.mjs (4.33 kB) (1 kB gzip)
  ├─ .output/server/chunks/routes/api/reminder/seed-templates.post.mjs.map (2.34 kB) (393 B gzip)
  ├─ .output/server/chunks/routes/api/staff/invite.post.mjs (13.1 kB) (3.74 kB gzip)
  ├─ .output/server/chunks/routes/api/staff/invite.post.mjs.map (7.67 kB) (1.83 kB gzip)
  ├─ .output/server/chunks/routes/api/staff/register.post.mjs (5.46 kB) (1.71 kB gzip)
  ├─ .output/server/chunks/routes/api/staff/register.post.mjs.map (4.47 kB) (817 B gzip)
  ├─ .output/server/chunks/routes/api/stripe/connect/account-status.get.mjs (1.55 kB) (632 B gzip)
  ├─ .output/server/chunks/routes/api/stripe/connect/account-status.get.mjs.map (1.17 kB) (344 B gzip)
  ├─ .output/server/chunks/routes/api/stripe/connect/create-account.post.mjs (2.13 kB) (850 B gzip)
  ├─ .output/server/chunks/routes/api/stripe/connect/create-account.post.mjs.map (1.73 kB) (435 B gzip)
  ├─ .output/server/chunks/routes/api/stripe/create-checkout-session.post.mjs (1.29 kB) (632 B gzip)
  ├─ .output/server/chunks/routes/api/stripe/create-checkout-session.post.mjs.map (1.01 kB) (322 B gzip)
  ├─ .output/server/chunks/routes/api/students/complete-onboarding.post.mjs (3.14 kB) (1.07 kB gzip)
  ├─ .output/server/chunks/routes/api/students/complete-onboarding.post.mjs.map (2.68 kB) (569 B gzip)
  ├─ .output/server/chunks/routes/api/students/send-onboarding-sms.post.mjs (3.05 kB) (1.21 kB gzip)
  ├─ .output/server/chunks/routes/api/students/send-onboarding-sms.post.mjs.map (2.58 kB) (625 B gzip)
  ├─ .output/server/chunks/routes/api/students/upload-document.post.mjs (2.64 kB) (986 B gzip)
  ├─ .output/server/chunks/routes/api/students/upload-document.post.mjs.map (2.42 kB) (550 B gzip)
  ├─ .output/server/chunks/routes/api/students/verify-onboarding-token.post.mjs (1.94 kB) (754 B gzip)
  ├─ .output/server/chunks/routes/api/students/verify-onboarding-token.post.mjs.map (1.61 kB) (446 B gzip)
  ├─ .output/server/chunks/routes/api/tenants/by-slug.get.mjs (2.71 kB) (1.06 kB gzip)
  ├─ .output/server/chunks/routes/api/tenants/by-slug.get.mjs.map (1.79 kB) (445 B gzip)
  ├─ .output/server/chunks/routes/api/tenants/copy-default-categories.post.mjs (2.63 kB) (846 B gzip)
  ├─ .output/server/chunks/routes/api/tenants/copy-default-categories.post.mjs.map (2.23 kB) (502 B gzip)
  ├─ .output/server/chunks/routes/api/tenants/copy-evaluation-defaults.post.mjs (1.96 kB) (719 B gzip)
  ├─ .output/server/chunks/routes/api/tenants/copy-evaluation-defaults.post.mjs.map (1.56 kB) (547 B gzip)
  ├─ .output/server/chunks/routes/api/tenants/public.get.mjs (2.21 kB) (803 B gzip)
  ├─ .output/server/chunks/routes/api/tenants/public.get.mjs.map (1.59 kB) (414 B gzip)
  ├─ .output/server/chunks/routes/api/tenants/register.post.mjs (12.9 kB) (3.76 kB gzip)
  ├─ .output/server/chunks/routes/api/tenants/register.post.mjs.map (12.2 kB) (1.79 kB gzip)
  ├─ .output/server/chunks/routes/api/tenants/seed-defaults.post.mjs (7.24 kB) (1.96 kB gzip)
  ├─ .output/server/chunks/routes/api/tenants/seed-defaults.post.mjs.map (6.71 kB) (1.06 kB gzip)
  ├─ .output/server/chunks/routes/api/tenants/update-branding.post.mjs (2.15 kB) (794 B gzip)
  ├─ .output/server/chunks/routes/api/tenants/update-branding.post.mjs.map (1.7 kB) (432 B gzip)
  ├─ .output/server/chunks/routes/api/test/feature-guards.get.mjs (3.58 kB) (1.11 kB gzip)
  ├─ .output/server/chunks/routes/api/test/feature-guards.get.mjs.map (2.62 kB) (591 B gzip)
  ├─ .output/server/chunks/routes/api/upgrade.post.mjs (3.08 kB) (1.11 kB gzip)
  ├─ .output/server/chunks/routes/api/upgrade.post.mjs.map (2.67 kB) (576 B gzip)
  ├─ .output/server/chunks/routes/api/vouchers/create-after-purchase.post.mjs (4.5 kB) (1.4 kB gzip)
  ├─ .output/server/chunks/routes/api/vouchers/create-after-purchase.post.mjs.map (3.63 kB) (750 B gzip)
  ├─ .output/server/chunks/routes/api/vouchers/download-pdf.post.mjs (4.09 kB) (1.48 kB gzip)
  ├─ .output/server/chunks/routes/api/vouchers/download-pdf.post.mjs.map (3.72 kB) (781 B gzip)
  ├─ .output/server/chunks/routes/api/vouchers/redeem.post.mjs (3.72 kB) (1.17 kB gzip)
  ├─ .output/server/chunks/routes/api/vouchers/redeem.post.mjs.map (2.74 kB) (575 B gzip)
  ├─ .output/server/chunks/routes/api/vouchers/send-email.post.mjs (2.38 kB) (850 B gzip)
  ├─ .output/server/chunks/routes/api/vouchers/send-email.post.mjs.map (1.66 kB) (436 B gzip)
  ├─ .output/server/chunks/routes/api/wallee/check-permissions.get.mjs (5.82 kB) (1.79 kB gzip)
  ├─ .output/server/chunks/routes/api/wallee/check-permissions.get.mjs.map (4.21 kB) (835 B gzip)
  ├─ .output/server/chunks/routes/api/wallee/create-anonymous-transaction.post.mjs (2.83 kB) (1.04 kB gzip)
  ├─ .output/server/chunks/routes/api/wallee/create-anonymous-transaction.post.mjs.map (2.37 kB) (542 B gzip)
  ├─ .output/server/chunks/routes/api/wallee/create-transaction-corrected.post.mjs (5.94 kB) (1.89 kB gzip)
  ├─ .output/server/chunks/routes/api/wallee/create-transaction-corrected.post.mjs.map (5.01 kB) (933 B gzip)
  ├─ .output/server/chunks/routes/api/wallee/create-transaction-sdk.post.mjs (2.89 kB) (1.11 kB gzip)
  ├─ .output/server/chunks/routes/api/wallee/create-transaction-sdk.post.mjs.map (2.37 kB) (543 B gzip)
  ├─ .output/server/chunks/routes/api/wallee/create-transaction.post.mjs (6.23 kB) (2.04 kB gzip)
  ├─ .output/server/chunks/routes/api/wallee/create-transaction.post.mjs.map (5.2 kB) (1.02 kB gzip)
  ├─ .output/server/chunks/routes/api/wallee/debug-auth-detailed.post.mjs (4.74 kB) (1.57 kB gzip)
  ├─ .output/server/chunks/routes/api/wallee/debug-auth-detailed.post.mjs.map (3.67 kB) (728 B gzip)
  ├─ .output/server/chunks/routes/api/wallee/debug-credentials.get.mjs (2.3 kB) (800 B gzip)
  ├─ .output/server/chunks/routes/api/wallee/debug-credentials.get.mjs.map (1.91 kB) (462 B gzip)
  ├─ .output/server/chunks/routes/api/wallee/debug-mac-variants.post.mjs (5.1 kB) (1.65 kB gzip)
  ├─ .output/server/chunks/routes/api/wallee/debug-mac-variants.post.mjs.map (4.13 kB) (834 B gzip)
  ├─ .output/server/chunks/routes/api/wallee/simple-test.get.mjs (2.27 kB) (871 B gzip)
  ├─ .output/server/chunks/routes/api/wallee/simple-test.get.mjs.map (1.74 kB) (452 B gzip)
  ├─ .output/server/chunks/routes/api/wallee/test-auth.post.mjs (4.26 kB) (1.34 kB gzip)
  ├─ .output/server/chunks/routes/api/wallee/test-auth.post.mjs.map (3.36 kB) (694 B gzip)
  ├─ .output/server/chunks/routes/api/wallee/test-connection.get.mjs (4.54 kB) (1.48 kB gzip)
  ├─ .output/server/chunks/routes/api/wallee/test-connection.get.mjs.map (3.81 kB) (694 B gzip)
  ├─ .output/server/chunks/routes/api/wallee/test-exact-support-format.post.mjs (5.93 kB) (1.89 kB gzip)
  ├─ .output/server/chunks/routes/api/wallee/test-exact-support-format.post.mjs.map (4.86 kB) (866 B gzip)
  ├─ .output/server/chunks/routes/api/wallee/test-permissions.get.mjs (2.42 kB) (935 B gzip)
  ├─ .output/server/chunks/routes/api/wallee/test-permissions.get.mjs.map (1.7 kB) (474 B gzip)
  ├─ .output/server/chunks/routes/api/wallee/test-with-support-data.post.mjs (5.92 kB) (1.83 kB gzip)
  ├─ .output/server/chunks/routes/api/wallee/test-with-support-data.post.mjs.map (4.99 kB) (886 B gzip)
  ├─ .output/server/chunks/routes/api/webhooks/wallee-payment.post.mjs (9.81 kB) (2.52 kB gzip)
  ├─ .output/server/chunks/routes/api/webhooks/wallee-payment.post.mjs.map (8.08 kB) (1.35 kB gzip)
  ├─ .output/server/chunks/routes/renderer.mjs (9.77 kB) (3.37 kB gzip)
  ├─ .output/server/chunks/routes/renderer.mjs.map (646 B) (255 B gzip)
  ├─ .output/server/chunks/virtual/_virtual_spa-template.mjs (94 B) (100 B gzip)
  ├─ .output/server/chunks/virtual/_virtual_spa-template.mjs.map (112 B) (111 B gzip)
  ├─ .output/server/index.mjs (396 B) (225 B gzip)
  └─ .output/server/package.json (4.58 kB) (1.57 kB gzip)
Σ Total size: 22 MB (4.72 MB gzip)
[nitro] ✔ You can preview this build using node .output/server/index.mjs
